5 2
house1 house3
house1 house5
house1 house7
house1 house9
house1 house11
house2 house4
house2 house6
house2 house8
house2 house10
house3 house5
house3 house7
house3 house9
house3 house11
house4 house6
house4 house8
house4 house10
house5 house7
house5 house9
house5 house11
house6 house8
house6 house10
house7 house9
house7 house11
house8 house10
house9 house11
